
屌丝  网民  解构  阿Q  网络亚文化  贴吧  群体自嘲  身份卑微  
钟南山  肺癌患病率  深圳新闻网  政府工作  油品质量  呼吸疾病  
中国特色社会主义  社会主义初级阶段  科学发展观  生态文明  社会公平正义  居民收入  中华民族伟大复兴  主体功能区  国土空间开发  收入分配差距  城乡发展一体化  小康社会  改善民生  社会主义文化强国  事业单位  城镇化  培养选拔  理想信念  引领  社会主义市场经济体制  社会生产力  交流合作  全体人民  重要战略机遇  取得重大进展  生态系统  稳步推进  防控  加快转变  国际金融危机  军事斗争准备  地区扶持力度  社会主义先进文化  农业综合生产能力  食品药品安全  宏观调控体系  人民共同愿望  创新型国家  司法公信  基本养老保险  全体中华儿女  战略性新兴产业  海外合法权益  全体人民共同  党风廉政建设  面前人人平等  文化软实力  保证人民当家作主  社会救助体系  全民医保  政社分开  创新驱动发展  建设成效  人事制度改革  代表比例  面向未来  实体经济  科学化水平  基层党建  均等化  全面建成小康社会  城市社区  粮食安全  整体实力  年轻干部  政府主导  严重曲折  耕地保护  祖国内地  科学回答  充满活力  国内外形势  人民积极性  安全威胁  党代会代表  物质文化  监管体制  国际影响力  自觉遵守  劳动报酬  现代服务业  城乡社区  命运共同体  扎实推进  幸福安康  核心价值观  初次分配  国民收入分配  人民福祉  平等互信  毫不动摇坚持  项基本  重要战略机遇期  转变经济发展方式  加快转变经济发展方式  社会主义核心价值体系  建设取得重大进展  实现中华民族伟大复兴  军民融合式发展  基本公共服务均等化  改革开放  维护社会公平正义  
屌丝  网民  解构  阿Q  网络亚文化  贴吧  群体自嘲  身份卑微  
屌丝  网民  解构  屌丝文化  阿Q  网络亚文化  群体自嘲  身份卑微  富帅  
屌丝#网民#解构#屌丝文化#阿Q#网络亚文化#群体自嘲#身份卑微#富帅#






惠民殡葬政策#经营性公墓#城镇公益性公墓#基本殡葬服务#殡葬服务#公益性公墓建设#惠民殡葬#公益性公墓#城市公墓#殡葬服务市场#地区惠民殡葬#基本公共服务#殡葬暴利#服务市场#公共服务#公益性墓#发展水平#保障制度#殡葬事业#资金投入#民政部门依法#存在暴利#服务保障#县级财政#公墓价格#安葬服务#殡仪服务#购买墓地#减免补贴#丧葬用品#殡葬用品#骨灰寄存#城镇公益性公墓建设#
惠民殡葬政策#经营性公墓#城镇公益性公墓#基本殡葬服务#殡葬服务#公益性公墓建设#惠民殡葬#公益性公墓#城市公墓#殡葬服务市场#地区惠民殡葬#基本公共服务#殡葬暴利#服务市场#公共服务#公益性墓#发展水平#保障制度#殡葬事业#资金投入#民政部门依法#存在暴利#服务保障#县级财政#公墓价格#安葬服务#殡仪服务#购买墓地#减免补贴#丧葬用品#殡葬用品#骨灰寄存#城镇公益性公墓建设#


屌丝#网民#解构#屌丝文化#阿Q#网络亚文化#群体自嘲#身份卑微#
惠民殡葬政策#经营性公墓#城镇公益性公墓#基本殡葬服务#殡葬服务#公益性公墓建设#惠民殡葬#公益性公墓#城市公墓#殡葬服务市场#地区惠民殡葬#基本公共服务#殡葬暴利#服务市场#公共服务#公益性墓#发展水平#保障制度#殡葬事业#资金投入#民政部门依法#存在暴利#服务保障#县级财政#公墓价格#安葬服务#殡仪服务#购买墓地#减免补贴#丧葬用品#殡葬用品#骨灰寄存#城镇公益性公墓建设#
屌丝#网民#解构#屌丝文化#阿Q#网络亚文化#群体自嘲#身份卑微#
惠民殡葬政策#经营性公墓#城镇公益性公墓#基本殡葬服务#殡葬服务#公益性公墓建设#惠民殡葬#公益性公墓#城市公墓#殡葬服务市场#地区惠民殡葬#基本公共服务#殡葬暴利#服务市场#公共服务#公益性墓#发展水平#保障制度#殡葬事业#资金投入#民政部门依法#存在暴利#服务保障#县级财政#公墓价格#安葬服务#殡仪服务#购买墓地#减免补贴#丧葬用品#殡葬用品#骨灰寄存#城镇公益性公墓建设#
屌丝#网民#解构#屌丝文化#阿Q#网络亚文化#群体自嘲#身份卑微#
惠民殡葬政策#经营性公墓#城镇公益性公墓#基本殡葬服务#殡葬服务#公益性公墓建设#惠民殡葬#公益性公墓#城市公墓#殡葬服务市场#地区惠民殡葬#基本公共服务#殡葬暴利#服务市场#公共服务#公益性墓#发展水平#保障制度#殡葬事业#资金投入#民政部门依法#存在暴利#服务保障#县级财政#公墓价格#安葬服务#殡仪服务#购买墓地#减免补贴#丧葬用品#殡葬用品#骨灰寄存#城镇公益性公墓建设#
惠民殡葬政策#经营性公墓#城镇公益性公墓#基本殡葬服务#殡葬服务#公益性公墓建设#惠民殡葬#公益性公墓#城市公墓#殡葬服务市场#地区惠民殡葬#基本公共服务#殡葬暴利#服务市场#公共服务#公益性墓#发展水平#保障制度#殡葬事业#资金投入#民政部门依法#存在暴利#服务保障#县级财政#公墓价格#安葬服务#殡仪服务#购买墓地#减免补贴#丧葬用品#殡葬用品#骨灰寄存#城镇公益性公墓建设#
惠民殡葬政策#经营性公墓#城镇公益性公墓#基本殡葬服务#殡葬服务#公益性公墓建设#惠民殡葬#公益性公墓#城市公墓#殡葬服务市场#地区惠民殡葬#基本公共服务#殡葬暴利#服务市场#公共服务#公益性墓#发展水平#保障制度#殡葬事业#资金投入#民政部门依法#存在暴利#服务保障#县级财政#公墓价格#安葬服务#殡仪服务#购买墓地#减免补贴#丧葬用品#殡葬用品#骨灰寄存#城镇公益性公墓建设#
惠民殡葬政策#经营性公墓#城镇公益性公墓#基本殡葬服务#殡葬服务#公益性公墓建设#惠民殡葬#公益性公墓#城市公墓#殡葬服务市场#地区惠民殡葬#基本公共服务#殡葬暴利#服务市场#公共服务#公益性墓#发展水平#保障制度#殡葬事业#资金投入#民政部门依法#存在暴利#服务保障#县级财政#公墓价格#安葬服务#殡仪服务#购买墓地#减免补贴#丧葬用品#殡葬用品#骨灰寄存#城镇公益性公墓建设#
屌丝#网民#解构#屌丝文化#阿Q#网络亚文化#群体自嘲#身份卑微#
屌丝#网民#解构#屌丝文化#阿Q#网络亚文化#群体自嘲#身份卑微#
炼钢作业部#润滑脂#扇形段#润滑脂国产化#作业部#扇形段区域#一炼钢#石化企业#二炼钢#试用效果#试用国产#
屌丝身份#
屌丝身份#







屌丝身份#
war_crimes#rights_groups#Islamist_leaders#Pakistani_army#death_penalty#
加熔渣剂#无氟炼钢#熔渣剂#技术人员#无氟造渣剂#渣剂#无氟炼钢技术#炼钢技术#留渣#化渣剂#化渣#熔渣#渣速度#工艺路线#渣效果#常规工艺#氟离子#造渣#优化无氟炼钢技术#
携程#通过携程#退房#房間#结帐#延迟退房#服务意识#房型#中央空调#服务质量#值班经理#预授权#网线#海景房#酒店方#公安部门#连锁酒店#快捷酒店#霉味#星级酒店#烟味#骚扰电话#网速#自助早餐#签单#隔音效果#特价房#浴帘#半岛酒店#技术人员#无法入睡#吵醒#浴袍#信用卡担保#双人房#携城#咖啡厅#东楼#酒店外观#单人间#服务指南#卫浴#电视节目#洗漱#庐山宾馆#接线小姐#通过携#有待提高#景观房#机场大巴#续房#无烟房#糟糕透顶#饮水机#性价#酒店负责人#承包出去#酒店总经理#房间紧张#食饭#极力推荐#豪华阁#冲凉房#泡温泉#天目湖#经济型#收停车费#国际青年#一跳#服务手册#残旧#打印出来#离外滩#酒店管理层#镇江大酒店#深表歉意#四川宾馆#飞机晚点#钟点房#酒廊#房务#宝贵意见#制热#房屋隔音#维修工#电话联络#只有冷风#态度强硬#机场大客车#油漆味#飞天大酒店#酒店外表#大石桥店#淋浴喷头#冻醒#入住率#留给携程#液晶电视#离海边#房间门锁#没有吹风机#皇冠假日#洲际酒店#取得联系#代表酒店#明确告诉#卫星电视#竹海#厕纸#酶味#无法入眠#服务员擅自#零点餐#城市建设#值得称赞#观景#下次决#首都北京#商业中心#需要购买#显著位置#时间限制#北京电视台#数字电视#没有问候#评为携#重复一#酒店所在#建国饭店#浦东机场#压缩毛巾#高原反应#钻施工#同类酒店#等候时间#事后酒店#一拼#应急灯#扬小姐#酒店深感#遗留物品#敦煌宾馆#招待客人#青山湖#奶粉冲#亲眼看见#凹下去#房拼#希望邯郸#价格公道#风筒#异响#一大清早#鬼地方#吊挂#冲淋#餐厅饭菜#别指望#明珠酒店#刷预售#迎宾水果#打电话请示#味道扑面而来#毛巾叠#价格适中#南苑机场#当班经理#态度傲慢#门市价格#三环边上#房间墙角#银河大酒店#前台盖章#当班服务员#没有空房#打电话报修#邯郸宾馆#饮茶楼层#宽带接入#酒店问路#拨号上网#睡懒觉#窗户漏风#油烟味道#当事人进行#黄页#礼貌用语#油烟味#刷卡#地理位置#
